# serializer version: 1
# name: test_diagnostics_local
  dict({
    'comm_metrics': dict({
      'bytes_in': 0,
      'bytes_out': 0,
      'client_response_errors': 0,
      'connection_errors': 0,
      'diagLevel': None,
      'error_count': 0,
      'hostname': '10.0.0.1',
      'http_2xx_cnt': 0,
      'http_4xx_cnt': 0,
      'http_5xx_cnt': 0,
      'last_error_time': None,
      'last_receive_time': None,
      'last_reconnect_time': None,
      'message_count': 6,
      'receive_count': 0,
      'send_count': 0,
      'sender_message_drop': 0,
      'server_disconnects': 0,
      'sibling_id': set({
      }),
      'sibling_ip': set({
      }),
      'sibling_message_drop': 0,
      'softwareVersion': '3.81.207',
      'sysUpTime': 107460,
      'timeouts': 0,
    }),
    'config': dict({
      'allergen_defender_switch': True,
      'app_id': 'ha_prod',
      'cloud_connection': False,
      'create_diagnostic_sensors': True,
      'create_inverter_power': True,
      'create_parameters': True,
      'create_sensors': True,
      'fast_scan_count': 5,
      'fast_scan_interval': 1.0,
      'host': '10.0.0.1',
      'init_wait_time': 30,
      'log_messages_to_file': False,
      'message_debug_file': '',
      'message_debug_logging': False,
      'pii_in_message_logs': False,
      'protocol': 'https',
      'scan_interval': 10,
      'timeout': 30,
    }),
    'system': dict({
      '0000000-0000-0000-0000-000000000001': dict({
        'cloud_status': None,
        'diagLevel': None,
        'equipment': dict({
          0: dict({
            'eqType': 0,
            'eqTypeName': 'System',
            'model': '105081-07',
            'name': 'Subnet controller',
          }),
          1: dict({
            'eqType': 18,
            'eqTypeName': 'Air Conditioner',
            'model': 'EL18XCVS036-230A01',
            'name': 'Outdoor Unit',
          }),
          2: dict({
            'eqType': 16,
            'eqTypeName': 'Furnace',
            'model': 'SLP99UH110XV60C-01',
            'name': 'Furnace',
          }),
          3: dict({
            'eqType': 22,
            'eqTypeName': 'Zoning Controller (zone 1 to 4)',
            'model': '103916-03',
            'name': 'Zoning Controller (zone 1 to 4)',
          }),
        }),
        'internet': None,
        'productType': 'S30',
        'relayServer': None,
        'sibling_identifier': set({
        }),
        'sibling_ip': set({
        }),
        'softwareVersion': '3.81.207',
        'sysUpTime': 107460,
      }),
    }),
  })
# ---
